ASxxxx Linker V03.00 + NoICE + sdld,  page 1.
Hexadecimal  [32-Bits]

Area                                    Addr        Size        Decimal Bytes (Attributes)
--------------------------------        ----        ----        ------- ----- ------------
.  .ABS.                            00000000    00000000 =           0. bytes (ABS,CON)

      Value  Global                              Global Defined In Module
      -----  --------------------------------   ------------------------
     00000000  .__.ABS.                           cpct_keyboard
     00000087  l__DATA                         
     00000492  l__CODE                         
     00004000  s__CODE                         
     00004492  s__DATA                         

ASxxxx Linker V03.00 + NoICE + sdld,  page 2.
Hexadecimal  [32-Bits]

Area                                    Addr        Size        Decimal Bytes (Attributes)
--------------------------------        ----        ----        ------- ----- ------------
_CODE                               00004000    00000492 =        1170. bytes (REL,CON)

      Value  Global                              Global Defined In Module
      -----  --------------------------------   ------------------------
     00004000  ball_draw_asm                      
     00004009  ball_update_asm                    
     00004041  change_speed_y                     
     0000404E  _main                              
     00004055  loop                               
     00004092  interruption_function              
     0000409F  keyboard_function                  
     000040C0  move_entity_asm                    
     000040F2  render_box_entity_asm              
     00004136  collision_entities_asm             
     00004169  player_draw                        
     00004172  player_update                      
     000041AC  _cpct_setInterruptHandler          cpct_firmware
     000041AC  cpct_setInterruptHandler_asm       cpct_firmware
     000041BD  cpct_safeInterruptHandlerHook      cpct_firmware
     000041D4  _cpct_isKeyPressed                 cpct_keyboard
     000041D4  cpct_isKeyPressed_asm              cpct_keyboard
     000041E0  cpct_setPALColour_asm              cpct_video
     000041EA  _cpct_drawStringM1_f               cpct_strings
     000041F2  cpct_drawStringM1_f_asm            cpct_strings
     0000420C  _cpct_keyboardStatusBuffer         cpct_keyboard
     00004216  _cpct_drawCharM1_f                 cpct_strings
     00004223  cpct_drawCharM1_f_asm              cpct_strings
     00004373  cpct_setVideoMode_asm              cpct_video
     00004380  _cpct_waitVSYNC                    cpct_video
     00004380  cpct_waitVSYNC_asm                 cpct_video
     00004388  _cpct_disableFirmware              cpct_firmware
     00004388  _cpct_removeInterruptHandler       cpct_firmware
     00004388  cpct_disableFirmware_asm           cpct_firmware
     00004388  cpct_removeInterruptHandler_asm    cpct_firmware
     00004398  cpct_drawSolidBox_asm              cpct_sprites
     00004444  _cpct_mode_rom_status              cpct_firmware
     00004445  cpct_getScreenPtr_asm              cpct_video
     00004461  _cpct_scanKeyboard                 cpct_keyboard
     00004461  cpct_scanKeyboard_asm              cpct_keyboard

ASxxxx Linker V03.00 + NoICE + sdld,  page 3.
Hexadecimal  [32-Bits]

Area                                    Addr        Size        Decimal Bytes (Attributes)
--------------------------------        ----        ----        ------- ----- ------------
_DATA                               00004492    00000087 =         135. bytes (REL,CON)

      Value  Global                              Global Defined In Module
      -----  --------------------------------   ------------------------
     00004492  ball                               
     00004498  ball_speed                         
     00004512  player                             
     00004518  player_speed                       

ASxxxx Linker V03.00 + NoICE + sdld,  page 4.

Files Linked                              [ module(s) ]

obj/ball.rel                              [  ]
obj/main.rel                              [  ]
obj/menu.rel                              [  ]
obj/TEntity.rel                           [  ]
obj/player.rel                            [  ]


Libraries Linked                          [ object file ]

/home/Gaspar_Rodriguez/cpctelera-1.4.2/cpctelera/cpctelera.lib
                                          [ cpct_setInterruptHandler.rel ]
/home/Gaspar_Rodriguez/cpctelera-1.4.2/cpctelera/cpctelera.lib
                                          [ cpct_isKeyPressed.rel ]
/home/Gaspar_Rodriguez/cpctelera-1.4.2/cpctelera/cpctelera.lib
                                          [ cpct_setPALColour_asmbindings.re ]
/home/Gaspar_Rodriguez/cpctelera-1.4.2/cpctelera/cpctelera.lib
                                          [ cpct_drawStringM1_f.rel ]
/home/Gaspar_Rodriguez/cpctelera-1.4.2/cpctelera/cpctelera.lib
                                          [ keyboard.rel ]
/home/Gaspar_Rodriguez/cpctelera-1.4.2/cpctelera/cpctelera.lib
                                          [ cpct_drawCharM1_f.rel ]
/home/Gaspar_Rodriguez/cpctelera-1.4.2/cpctelera/cpctelera.lib
                                          [ cpct_setVideoMode_asmbindings.re ]
/home/Gaspar_Rodriguez/cpctelera-1.4.2/cpctelera/cpctelera.lib
                                          [ cpct_waitVSYNC.rel ]
/home/Gaspar_Rodriguez/cpctelera-1.4.2/cpctelera/cpctelera.lib
                                          [ cpct_removeInterruptHandler.rel ]
/home/Gaspar_Rodriguez/cpctelera-1.4.2/cpctelera/cpctelera.lib
                                          [ cpct_drawSolidBox_asmbindings.re ]
/home/Gaspar_Rodriguez/cpctelera-1.4.2/cpctelera/cpctelera.lib
                                          [ cpc_mode_rom_status.rel ]
/home/Gaspar_Rodriguez/cpctelera-1.4.2/cpctelera/cpctelera.lib
                                          [ cpct_getScreenPtr_asmbindings.re ]
/home/Gaspar_Rodriguez/cpctelera-1.4.2/cpctelera/cpctelera.lib
                                          [ cpct_scanKeyboard.rel ]

ASxxxx Linker V03.00 + NoICE + sdld,  page 5.

User Base Address Definitions

_CODE = 0x4000
_DATA = 0x0000

